[03:56:23] [main/INFO]: Loading Minecraft 1.21.1 with Fabric Loader 0.16.3
[03:56:24] [main/INFO]: Loading 4 mods:
	- fabricloader 0.16.3
	   \-- mixinextras 0.4.1
	- java 21
	- minecraft 1.21.1
[03:56:24] [main/INFO]: SpongePowered MIXIN Subsystem Version=0.8.7 Source=file:/workspaces/SurvivalTecnico/servidor_minecraft/libraries/net/fabricmc/sponge-mixin/0.15.2+mixin.0.8.7/sponge-mixin-0.15.2+mixin.0.8.7.jar Service=Knot/Fabric Env=SERVER
[03:56:29] [main/INFO]: Environment: Environment[sessionHost=https://sessionserver.mojang.com, servicesHost=https://api.minecraftservices.com, name=PROD]
[03:56:31] [main/INFO]: Loaded 1290 recipes
[03:56:31] [main/INFO]: Loaded 1399 advancements
[03:56:31] [Server thread/INFO]: Starting minecraft server version 1.21.1
[03:56:31] [Server thread/INFO]: Loading properties
[03:56:31] [Server thread/INFO]: Default game type: SURVIVAL
[03:56:31] [Server thread/INFO]: Generating keypair
[03:56:31] [Server thread/INFO]: Starting Minecraft server on *:25565
[03:56:32] [Server thread/INFO]: Using epoll channel type
[03:56:32] [Server thread/WARN]: **** SERVER IS RUNNING IN OFFLINE/INSECURE MODE!
[03:56:32] [Server thread/WARN]: The server will make no attempt to authenticate usernames. Beware.
[03:56:32] [Server thread/WARN]: While this makes the game possible to play without internet access, it also opens up the ability for hackers to connect with any username they choose.
[03:56:32] [Server thread/WARN]: To change this, set "online-mode" to "true" in the server.properties file.
[03:56:32] [Server thread/INFO]: Preparing level "world1"
[03:56:36] [Server thread/INFO]: Preparing start region for dimension minecraft:overworld
[03:56:36] [Worker-Main-1/INFO]: Preparing spawn area: 0%
[03:56:36] [Worker-Main-1/INFO]: Preparing spawn area: 10%
[03:56:36] [Server thread/INFO]: Time elapsed: 607 ms
[03:56:36] [Server thread/INFO]: Done (4.750s)! For help, type "help"
[03:57:31] [Server thread/INFO]: S4R1_ETHN[/127.39.61.38:60501] logged in with entity id 52 at (-26.620587155653823, 118.0, 23.23524131509654)
[03:57:31] [Server thread/INFO]: S4R1_ETHN joined the game
[03:58:06] [Server thread/INFO]: Set the time to 1000
[03:58:59] [Server thread/INFO]: S4R1_ETHN lost connection: Disconnected
[03:58:59] [Server thread/INFO]: S4R1_ETHN left the game
[03:59:14] [Server thread/INFO]: Stopping the server
[03:59:14] [Server thread/INFO]: Stopping server
[03:59:14] [Server thread/INFO]: Saving players
[03:59:14] [Server thread/INFO]: Saving worlds
[03:59:14] [Server thread/INFO]: Saving chunks for level 'ServerLevel[world1]'/minecraft:overworld
[03:59:14] [Server thread/INFO]: Saving chunks for level 'ServerLevel[world1]'/minecraft:the_end
[03:59:14] [Server thread/INFO]: Saving chunks for level 'ServerLevel[world1]'/minecraft:the_nether
[03:59:14] [Server thread/INFO]: ThreadedAnvilChunkStorage (world1): All chunks are saved
[03:59:14] [Server thread/INFO]: ThreadedAnvilChunkStorage (DIM1): All chunks are saved
[03:59:14] [Server thread/INFO]: ThreadedAnvilChunkStorage (DIM-1): All chunks are saved
[03:59:14] [Server thread/INFO]: ThreadedAnvilChunkStorage: All dimensions are saved
